<html>
<body>
<pre>
<h1>µVision Build Log</h1>
<h2>Project:</h2>
C:\Users\oleks\Desktop\ppsw\Current\Timery\timery.uvproj
Project File Date:  05/27/2025

<h2>Output:</h2>
Rebuild target 'Target 1'
compiling keyboard.c...
compiling led.c...
compiling timer.c...
compiling main.c...
assembling Startup.s...
linking...
Program Size: Code=1196 RO-data=48 RW-data=4 ZI-data=1260  
FromELF: creating hex file...
".\timery.axf" - 0 Errors, 0 Warning(s).
Rebuild target 'Target 1'
compiling keyboard.c...
compiling led.c...
compiling timer.c...
compiling main.c...
assembling Startup.s...
linking...
Program Size: Code=1196 RO-data=48 RW-data=4 ZI-data=1260  
FromELF: creating hex file...
".\timery.axf" - 0 Errors, 0 Warning(s).
Clean started: Project: 'timery'
   deleting intermediate output files for target 'Target 1'
