<html>
<body>
<pre>
<h1>µVision Build Log</h1>
<h2>Project:</h2>
C:\Users\oleks\Desktop\wycieraczka\wycieraczka.uvproj
Project File Date:  05/31/2025

<h2>Output:</h2>
Rebuild target 'Target 1'
assembling Startup.s...
compiling automatyM.c...
compiling keyboard.c...
compiling led.c...
linking...
Program Size: Code=1400 RO-data=48 RW-data=4 ZI-data=1260  
FromELF: creating hex file...
".\wycieraczka.axf" - 0 Errors, 0 Warning(s).
Rebuild target 'Target 1'
assembling Startup.s...
compiling automatyM.c...
compiling keyboard.c...
compiling led.c...
linking...
Program Size: Code=1432 RO-data=48 RW-data=4 ZI-data=1260  
FromELF: creating hex file...
".\wycieraczka.axf" - 0 Errors, 0 Warning(s).
Rebuild target 'Target 1'
assembling Startup.s...
compiling automatyM.c...
compiling keyboard.c...
compiling led.c...
linking...
Program Size: Code=1432 RO-data=48 RW-data=4 ZI-data=1260  
FromELF: creating hex file...
".\wycieraczka.axf" - 0 Errors, 0 Warning(s).
Rebuild target 'Target 1'
assembling Startup.s...
compiling automatyM.c...
compiling keyboard.c...
compiling led.c...
linking...
Program Size: Code=1432 RO-data=48 RW-data=4 ZI-data=1260  
FromELF: creating hex file...
".\wycieraczka.axf" - 0 Errors, 0 Warning(s).
Rebuild target 'Target 1'
assembling Startup.s...
compiling automatyM.c...
compiling keyboard.c...
compiling led.c...
linking...
Program Size: Code=1432 RO-data=48 RW-data=4 ZI-data=1260  
FromELF: creating hex file...
".\wycieraczka.axf" - 0 Errors, 0 Warning(s).
Rebuild target 'Target 1'
assembling Startup.s...
compiling automatyM.c...
compiling keyboard.c...
compiling led.c...
linking...
Program Size: Code=1432 RO-data=48 RW-data=4 ZI-data=1260  
FromELF: creating hex file...
".\wycieraczka.axf" - 0 Errors, 0 Warning(s).
Rebuild target 'Target 1'
assembling Startup.s...
compiling automatyM.c...
compiling keyboard.c...
compiling led.c...
linking...
Program Size: Code=1428 RO-data=48 RW-data=4 ZI-data=1260  
FromELF: creating hex file...
".\wycieraczka.axf" - 0 Errors, 0 Warning(s).
Rebuild target 'Target 1'
assembling Startup.s...
compiling automatyM.c...
compiling keyboard.c...
compiling led.c...
linking...
Program Size: Code=1432 RO-data=48 RW-data=4 ZI-data=1260  
FromELF: creating hex file...
".\wycieraczka.axf" - 0 Errors, 0 Warning(s).
Rebuild target 'Target 1'
assembling Startup.s...
compiling automatyM.c...
compiling keyboard.c...
compiling led.c...
linking...
Program Size: Code=1436 RO-data=48 RW-data=4 ZI-data=1260  
FromELF: creating hex file...
".\wycieraczka.axf" - 0 Errors, 0 Warning(s).
Rebuild target 'Target 1'
assembling Startup.s...
compiling automatyM.c...
compiling keyboard.c...
compiling led.c...
linking...
Program Size: Code=1436 RO-data=48 RW-data=4 ZI-data=1260  
FromELF: creating hex file...
".\wycieraczka.axf" - 0 Errors, 0 Warning(s).
Rebuild target 'Target 1'
assembling Startup.s...
compiling automatyM.c...
compiling keyboard.c...
compiling led.c...
linking...
Program Size: Code=1444 RO-data=48 RW-data=4 ZI-data=1260  
FromELF: creating hex file...
".\wycieraczka.axf" - 0 Errors, 0 Warning(s).
Rebuild target 'Target 1'
assembling Startup.s...
compiling automatyM.c...
compiling keyboard.c...
compiling led.c...
linking...
Program Size: Code=1440 RO-data=48 RW-data=4 ZI-data=1260  
FromELF: creating hex file...
".\wycieraczka.axf" - 0 Errors, 0 Warning(s).
Rebuild target 'Target 1'
assembling Startup.s...
compiling automatyM.c...
compiling keyboard.c...
compiling led.c...
linking...
Program Size: Code=1440 RO-data=48 RW-data=4 ZI-data=1260  
FromELF: creating hex file...
".\wycieraczka.axf" - 0 Errors, 0 Warning(s).
Rebuild target 'Target 1'
assembling Startup.s...
compiling automatyM.c...
compiling keyboard.c...
compiling led.c...
linking...
Program Size: Code=1444 RO-data=48 RW-data=4 ZI-data=1260  
FromELF: creating hex file...
".\wycieraczka.axf" - 0 Errors, 0 Warning(s).
Rebuild target 'Target 1'
assembling Startup.s...
compiling automatyM.c...
compiling keyboard.c...
compiling led.c...
linking...
Program Size: Code=1464 RO-data=48 RW-data=4 ZI-data=1260  
FromELF: creating hex file...
".\wycieraczka.axf" - 0 Errors, 0 Warning(s).
Rebuild target 'Target 1'
assembling Startup.s...
compiling automatyM.c...
compiling keyboard.c...
compiling led.c...
linking...
Program Size: Code=1464 RO-data=48 RW-data=4 ZI-data=1260  
FromELF: creating hex file...
".\wycieraczka.axf" - 0 Errors, 0 Warning(s).
Rebuild target 'Target 1'
assembling Startup.s...
compiling automatyM.c...
compiling keyboard.c...
compiling led.c...
linking...
Program Size: Code=1468 RO-data=48 RW-data=4 ZI-data=1260  
FromELF: creating hex file...
".\wycieraczka.axf" - 0 Errors, 0 Warning(s).
Rebuild target 'Target 1'
assembling Startup.s...
compiling automatyM.c...
compiling keyboard.c...
compiling led.c...
linking...
Program Size: Code=1468 RO-data=48 RW-data=4 ZI-data=1260  
FromELF: creating hex file...
".\wycieraczka.axf" - 0 Errors, 0 Warning(s).
Rebuild target 'Target 1'
assembling Startup.s...
compiling automatyM.c...
compiling keyboard.c...
compiling led.c...
linking...
Program Size: Code=1472 RO-data=48 RW-data=4 ZI-data=1260  
FromELF: creating hex file...
".\wycieraczka.axf" - 0 Errors, 0 Warning(s).
Rebuild target 'Target 1'
assembling Startup.s...
compiling automatyM.c...
compiling keyboard.c...
compiling led.c...
linking...
Program Size: Code=1464 RO-data=48 RW-data=4 ZI-data=1260  
FromELF: creating hex file...
".\wycieraczka.axf" - 0 Errors, 0 Warning(s).
Rebuild target 'Target 1'
assembling Startup.s...
compiling automatyM.c...
automatyM.c(34): warning:  #223-D: function "LedOn" declared implicitly
compiling keyboard.c...
compiling led.c...
linking...
Program Size: Code=1472 RO-data=48 RW-data=4 ZI-data=1260  
FromELF: creating hex file...
".\wycieraczka.axf" - 0 Errors, 1 Warning(s).
Rebuild target 'Target 1'
assembling Startup.s...
compiling automatyM.c...
compiling keyboard.c...
compiling led.c...
linking...
Program Size: Code=1472 RO-data=48 RW-data=4 ZI-data=1260  
FromELF: creating hex file...
".\wycieraczka.axf" - 0 Errors, 0 Warning(s).
Build target 'Target 1'
compiling automatyM.c...
compiling keyboard.c...
compiling led.c...
linking...
Program Size: Code=1472 RO-data=48 RW-data=4 ZI-data=1260  
FromELF: creating hex file...
".\wycieraczka.axf" - 0 Errors, 0 Warning(s).
Rebuild target 'Target 1'
assembling Startup.s...
compiling automatyM.c...
compiling keyboard.c...
compiling led.c...
linking...
Program Size: Code=1476 RO-data=48 RW-data=4 ZI-data=1260  
FromELF: creating hex file...
".\wycieraczka.axf" - 0 Errors, 0 Warning(s).
Rebuild target 'Target 1'
assembling Startup.s...
compiling automatyM.c...
compiling keyboard.c...
compiling led.c...
linking...
Program Size: Code=1472 RO-data=48 RW-data=4 ZI-data=1260  
FromELF: creating hex file...
".\wycieraczka.axf" - 0 Errors, 0 Warning(s).
Rebuild target 'Target 1'
assembling Startup.s...
compiling automatyM.c...
compiling keyboard.c...
compiling led.c...
linking...
.\wycieraczka.axf: Error: L6200E: Symbol uiLedCounter multiply defined (by led.o and automatym.o).
".\wycieraczka.axf" - 1 Errors, 0 Warning(s).
Target not created
Rebuild target 'Target 1'
assembling Startup.s...
compiling automatyM.c...
compiling keyboard.c...
compiling led.c...
linking...
.\wycieraczka.axf: Error: L6200E: Symbol uiLedCounter multiply defined (by led.o and automatym.o).
".\wycieraczka.axf" - 1 Errors, 0 Warning(s).
Target not created
Rebuild target 'Target 1'
assembling Startup.s...
compiling automatyM.c...
compiling keyboard.c...
compiling led.c...
linking...
.\wycieraczka.axf: Error: L6200E: Symbol uiLedCounter multiply defined (by led.o and automatym.o).
".\wycieraczka.axf" - 1 Errors, 0 Warning(s).
Target not created
Rebuild target 'Target 1'
assembling Startup.s...
compiling automatyM.c...
compiling keyboard.c...
compiling led.c...
linking...
.\wycieraczka.axf: Error: L6200E: Symbol uiLedCounter multiply defined (by led.o and automatym.o).
".\wycieraczka.axf" - 1 Errors, 0 Warning(s).
Target not created
Rebuild target 'Target 1'
assembling Startup.s...
compiling automatyM.c...
compiling keyboard.c...
compiling led.c...
linking...
Program Size: Code=1480 RO-data=48 RW-data=4 ZI-data=1260  
FromELF: creating hex file...
".\wycieraczka.axf" - 0 Errors, 0 Warning(s).
Rebuild target 'Target 1'
assembling Startup.s...
compiling automatyM.c...
compiling keyboard.c...
compiling led.c...
linking...
Program Size: Code=1488 RO-data=48 RW-data=4 ZI-data=1260  
FromELF: creating hex file...
".\wycieraczka.axf" - 0 Errors, 0 Warning(s).
Rebuild target 'Target 1'
assembling Startup.s...
compiling automatyM.c...
compiling keyboard.c...
compiling led.c...
linking...
Program Size: Code=1488 RO-data=48 RW-data=4 ZI-data=1260  
FromELF: creating hex file...
".\wycieraczka.axf" - 0 Errors, 0 Warning(s).
Rebuild target 'Target 1'
assembling Startup.s...
compiling automatyM.c...
compiling keyboard.c...
compiling led.c...
linking...
Program Size: Code=1488 RO-data=48 RW-data=4 ZI-data=1260  
FromELF: creating hex file...
".\wycieraczka.axf" - 0 Errors, 0 Warning(s).
Clean started: Project: 'wycieraczka'
   deleting intermediate output files for target 'Target 1'
