<html>
<body>
<pre>
<h1>µVision Build Log</h1>
<h2>Project:</h2>
C:\Users\oleks\Desktop\ppsw\Current\Przerwania\przerwania.uvproj
Project File Date:  05/30/2025

<h2>Output:</h2>
Build target 'Target 1'
assembling Startup.s...
compiling main.c...
main.c(54): warning:  #1-D: last line of file ends without a newline
compiling led.c...
linking...
Program Size: Code=1108 RO-data=48 RW-data=4 ZI-data=1260  
FromELF: creating hex file...
".\przerwania.axf" - 0 Errors, 1 Warning(s).
Build target 'Target 1'
compiling main.c...
compiling led.c...
linking...
Program Size: Code=1108 RO-data=48 RW-data=4 ZI-data=1260  
FromELF: creating hex file...
".\przerwania.axf" - 0 Errors, 0 Warning(s).
Rebuild target 'Target 1'
assembling Startup.s...
compiling main.c...
compiling led.c...
linking...
Program Size: Code=1112 RO-data=48 RW-data=4 ZI-data=1260  
FromELF: creating hex file...
".\przerwania.axf" - 0 Errors, 0 Warning(s).
Build target 'Target 1'
compiling main.c...
main.c(49): error:  #268: declaration may not appear after executable statement in block
".\przerwania.axf" - 1 Errors, 0 Warning(s).
Target not created
Rebuild target 'Target 1'
assembling Startup.s...
compiling main.c...
compiling led.c...
linking...
Program Size: Code=1112 RO-data=48 RW-data=4 ZI-data=1260  
FromELF: creating hex file...
".\przerwania.axf" - 0 Errors, 0 Warning(s).
Rebuild target 'Target 1'
assembling Startup.s...
compiling main.c...
compiling led.c...
linking...
Program Size: Code=1108 RO-data=48 RW-data=4 ZI-data=1260  
FromELF: creating hex file...
".\przerwania.axf" - 0 Errors, 0 Warning(s).
Rebuild target 'Target 1'
assembling Startup.s...
compiling main.c...
compiling led.c...
linking...
Program Size: Code=1108 RO-data=48 RW-data=4 ZI-data=1260  
FromELF: creating hex file...
".\przerwania.axf" - 0 Errors, 0 Warning(s).
Rebuild target 'Target 1'
assembling Startup.s...
compiling main.c...
compiling led.c...
linking...
Program Size: Code=1132 RO-data=48 RW-data=8 ZI-data=1256  
FromELF: creating hex file...
".\przerwania.axf" - 0 Errors, 0 Warning(s).
Rebuild target 'Target 1'
assembling Startup.s...
compiling main.c...
compiling led.c...
linking...
Program Size: Code=1136 RO-data=48 RW-data=8 ZI-data=1256  
FromELF: creating hex file...
".\przerwania.axf" - 0 Errors, 0 Warning(s).
Rebuild target 'Target 1'
assembling Startup.s...
compiling main.c...
compiling led.c...
linking...
Program Size: Code=1112 RO-data=48 RW-data=4 ZI-data=1260  
FromELF: creating hex file...
".\przerwania.axf" - 0 Errors, 0 Warning(s).
Rebuild target 'Target 1'
assembling Startup.s...
compiling main.c...
compiling led.c...
linking...
Program Size: Code=1116 RO-data=48 RW-data=4 ZI-data=1260  
FromELF: creating hex file...
".\przerwania.axf" - 0 Errors, 0 Warning(s).
Rebuild target 'Target 1'
assembling Startup.s...
compiling main.c...
compiling led.c...
linking...
Program Size: Code=1116 RO-data=48 RW-data=4 ZI-data=1260  
FromELF: creating hex file...
".\przerwania.axf" - 0 Errors, 0 Warning(s).
Rebuild target 'Target 1'
assembling Startup.s...
compiling main.c...
compiling led.c...
linking...
Program Size: Code=1116 RO-data=48 RW-data=4 ZI-data=1260  
FromELF: creating hex file...
".\przerwania.axf" - 0 Errors, 0 Warning(s).
Rebuild target 'Target 1'
assembling Startup.s...
compiling main.c...
compiling led.c...
linking...
Program Size: Code=1116 RO-data=48 RW-data=4 ZI-data=1260  
FromELF: creating hex file...
".\przerwania.axf" - 0 Errors, 0 Warning(s).
Rebuild target 'Target 1'
assembling Startup.s...
compiling main.c...
compiling led.c...
linking...
Program Size: Code=1148 RO-data=48 RW-data=8 ZI-data=1256  
FromELF: creating hex file...
".\przerwania.axf" - 0 Errors, 0 Warning(s).
Build target 'Target 1'
compiling main.c...
main.c(6): warning:  #223-D: function "Timer0Interrupts_Init" declared implicitly
compiling timer_interrupts.c...
linking...
Program Size: Code=1148 RO-data=48 RW-data=8 ZI-data=1256  
FromELF: creating hex file...
".\przerwania.axf" - 0 Errors, 1 Warning(s).
Rebuild target 'Target 1'
assembling Startup.s...
compiling main.c...
compiling led.c...
compiling timer_interrupts.c...
linking...
Program Size: Code=1148 RO-data=48 RW-data=8 ZI-data=1256  
FromELF: creating hex file...
".\przerwania.axf" - 0 Errors, 0 Warning(s).
Rebuild target 'Target 1'
assembling Startup.s...
compiling main.c...
compiling led.c...
compiling timer_interrupts.c...
linking...
Program Size: Code=1148 RO-data=48 RW-data=8 ZI-data=1256  
FromELF: creating hex file...
".\przerwania.axf" - 0 Errors, 0 Warning(s).
Rebuild target 'Target 1'
assembling Startup.s...
compiling main.c...
compiling led.c...
compiling timer_interrupts.c...
linking...
Program Size: Code=1148 RO-data=48 RW-data=8 ZI-data=1256  
FromELF: creating hex file...
".\przerwania.axf" - 0 Errors, 0 Warning(s).
Rebuild target 'Target 1'
assembling Startup.s...
compiling main.c...
compiling led.c...
compiling timer_interrupts.c...
linking...
Program Size: Code=1148 RO-data=48 RW-data=8 ZI-data=1256  
FromELF: creating hex file...
".\przerwania.axf" - 0 Errors, 0 Warning(s).
Build target 'Target 1'
compiling main.c...
compiling timer_interrupts.c...
linking...
Program Size: Code=1148 RO-data=48 RW-data=8 ZI-data=1256  
FromELF: creating hex file...
".\przerwania.axf" - 0 Errors, 0 Warning(s).
Rebuild target 'Target 1'
assembling Startup.s...
compiling main.c...
compiling led.c...
compiling timer_interrupts.c...
compiling keyboard.c...
linking...
Program Size: Code=1436 RO-data=48 RW-data=8 ZI-data=1256  
FromELF: creating hex file...
".\przerwania.axf" - 0 Errors, 0 Warning(s).
Rebuild target 'Target 1'
assembling Startup.s...
compiling main.c...
compiling led.c...
compiling timer_interrupts.c...
compiling keyboard.c...
linking...
Program Size: Code=1436 RO-data=48 RW-data=8 ZI-data=1256  
FromELF: creating hex file...
".\przerwania.axf" - 0 Errors, 0 Warning(s).
Rebuild target 'Target 1'
assembling Startup.s...
compiling main.c...
compiling led.c...
compiling timer_interrupts.c...
compiling keyboard.c...
linking...
Program Size: Code=1476 RO-data=48 RW-data=12 ZI-data=1260  
FromELF: creating hex file...
".\przerwania.axf" - 0 Errors, 0 Warning(s).
Rebuild target 'Target 1'
assembling Startup.s...
compiling main.c...
compiling led.c...
compiling timer_interrupts.c...
compiling keyboard.c...
linking...
Program Size: Code=1476 RO-data=48 RW-data=12 ZI-data=1260  
FromELF: creating hex file...
".\przerwania.axf" - 0 Errors, 0 Warning(s).
Build target 'Target 1'
compiling main.c...
compiling keyboard.c...
linking...
Program Size: Code=1476 RO-data=48 RW-data=12 ZI-data=1260  
FromELF: creating hex file...
".\przerwania.axf" - 0 Errors, 0 Warning(s).
Build target 'Target 1'
compiling main.c...
linking...
Program Size: Code=1476 RO-data=48 RW-data=12 ZI-data=1260  
FromELF: creating hex file...
".\przerwania.axf" - 0 Errors, 0 Warning(s).
Clean started: Project: 'przerwania'
   deleting intermediate output files for target 'Target 1'
