<html>
<body>
<pre>
<h1>µVision Build Log</h1>
<h2>Project:</h2>
C:\Users\student\Desktop\ppsw\Current\Przerwania\przerwania.uvproj
Project File Date:  06/04/2025

<h2>Output:</h2>
Rebuild target 'Target 1'
assembling Startup.s...
compiling main.c...
compiling timer_interrupts.c...
compiling keyboard.c...
compiling led.c...
linking...
Program Size: Code=1476 RO-data=48 RW-data=12 ZI-data=1260  
FromELF: creating hex file...
".\przerwania.axf" - 0 Errors, 0 Warning(s).
Rebuild target 'Target 1'
assembling Startup.s...
compiling main.c...
compiling timer_interrupts.c...
compiling keyboard.c...
compiling led.c...
linking...
Program Size: Code=1492 RO-data=48 RW-data=12 ZI-data=1260  
FromELF: creating hex file...
".\przerwania.axf" - 0 Errors, 0 Warning(s).
Clean started: Project: 'przerwania'
   deleting intermediate output files for target 'Target 1'
