<html>
<body>
<pre>
<h1>µVision Build Log</h1>
<h2>Project:</h2>
C:\Users\oleks\Desktop\ppsw\Current\Serwo\serwo.uvproj
Project File Date:  06/01/2025

<h2>Output:</h2>
Rebuild target 'Target 1'
assembling Startup.s...
compiling main.c...
main.c(51): warning:  #1-D: last line of file ends without a newline
compiling keyboard.c...
compiling led.c...
compiling timer_interrupts.c...
linking...
Program Size: Code=1476 RO-data=48 RW-data=12 ZI-data=1260  
FromELF: creating hex file...
".\serwo.axf" - 0 Errors, 1 Warning(s).
Rebuild target 'Target 1'
assembling Startup.s...
compiling main.c...
compiling keyboard.c...
compiling led.c...
compiling timer_interrupts.c...
linking...
Program Size: Code=1476 RO-data=48 RW-data=12 ZI-data=1260  
FromELF: creating hex file...
".\serwo.axf" - 0 Errors, 0 Warning(s).
Rebuild target 'Target 1'
assembling Startup.s...
compiling main.c...
compiling keyboard.c...
compiling led.c...
compiling timer_interrupts.c...
linking...
Program Size: Code=1436 RO-data=48 RW-data=8 ZI-data=1256  
FromELF: creating hex file...
".\serwo.axf" - 0 Errors, 0 Warning(s).
Rebuild target 'Target 1'
assembling Startup.s...
compiling main.c...
compiling keyboard.c...
compiling led.c...
compiling timer_interrupts.c...
linking...
Program Size: Code=1476 RO-data=48 RW-data=12 ZI-data=1260  
FromELF: creating hex file...
".\serwo.axf" - 0 Errors, 0 Warning(s).
Rebuild target 'Target 1'
assembling Startup.s...
compiling main.c...
compiling keyboard.c...
compiling led.c...
compiling timer_interrupts.c...
linking...
Program Size: Code=1504 RO-data=48 RW-data=12 ZI-data=1260  
FromELF: creating hex file...
".\serwo.axf" - 0 Errors, 0 Warning(s).
Rebuild target 'Target 1'
assembling Startup.s...
compiling main.c...
main.c(56): error:  #268: declaration may not appear after executable statement in block
compiling keyboard.c...
compiling led.c...
compiling timer_interrupts.c...
".\serwo.axf" - 1 Errors, 0 Warning(s).
Target not created
Rebuild target 'Target 1'
assembling Startup.s...
compiling main.c...
compiling keyboard.c...
compiling led.c...
compiling timer_interrupts.c...
linking...
Program Size: Code=1508 RO-data=48 RW-data=12 ZI-data=1260  
FromELF: creating hex file...
".\serwo.axf" - 0 Errors, 0 Warning(s).
Rebuild target 'Target 1'
assembling Startup.s...
compiling main.c...
compiling keyboard.c...
compiling led.c...
compiling timer_interrupts.c...
linking...
Program Size: Code=1580 RO-data=48 RW-data=12 ZI-data=1260  
FromELF: creating hex file...
".\serwo.axf" - 0 Errors, 0 Warning(s).
Rebuild target 'Target 1'
assembling Startup.s...
compiling main.c...
compiling keyboard.c...
compiling led.c...
compiling timer_interrupts.c...
linking...
Program Size: Code=1580 RO-data=48 RW-data=12 ZI-data=1260  
FromELF: creating hex file...
".\serwo.axf" - 0 Errors, 0 Warning(s).
Rebuild target 'Target 1'
assembling Startup.s...
compiling main.c...
compiling keyboard.c...
compiling led.c...
compiling timer_interrupts.c...
linking...
Program Size: Code=1580 RO-data=48 RW-data=12 ZI-data=1260  
FromELF: creating hex file...
".\serwo.axf" - 0 Errors, 0 Warning(s).
Rebuild target 'Target 1'
assembling Startup.s...
compiling main.c...
compiling keyboard.c...
compiling led.c...
compiling timer_interrupts.c...
linking...
Program Size: Code=1580 RO-data=48 RW-data=12 ZI-data=1260  
FromELF: creating hex file...
".\serwo.axf" - 0 Errors, 0 Warning(s).
Rebuild target 'Target 1'
assembling Startup.s...
compiling main.c...
compiling keyboard.c...
compiling led.c...
compiling timer_interrupts.c...
linking...
Program Size: Code=1580 RO-data=48 RW-data=12 ZI-data=1260  
FromELF: creating hex file...
".\serwo.axf" - 0 Errors, 0 Warning(s).
Rebuild target 'Target 1'
assembling Startup.s...
compiling main.c...
compiling keyboard.c...
compiling led.c...
compiling timer_interrupts.c...
linking...
Program Size: Code=1580 RO-data=48 RW-data=12 ZI-data=1260  
FromELF: creating hex file...
".\serwo.axf" - 0 Errors, 0 Warning(s).
Rebuild target 'Target 1'
assembling Startup.s...
compiling main.c...
compiling keyboard.c...
compiling led.c...
compiling timer_interrupts.c...
linking...
Program Size: Code=1764 RO-data=48 RW-data=8 ZI-data=1272  
FromELF: creating hex file...
".\serwo.axf" - 0 Errors, 0 Warning(s).
Rebuild target 'Target 1'
assembling Startup.s...
compiling main.c...
compiling keyboard.c...
compiling led.c...
compiling timer_interrupts.c...
linking...
Program Size: Code=1764 RO-data=48 RW-data=8 ZI-data=1272  
FromELF: creating hex file...
".\serwo.axf" - 0 Errors, 0 Warning(s).
Rebuild target 'Target 1'
assembling Startup.s...
compiling main.c...
compiling keyboard.c...
compiling led.c...
compiling timer_interrupts.c...
linking...
Program Size: Code=2240 RO-data=48 RW-data=8 ZI-data=1272  
FromELF: creating hex file...
".\serwo.axf" - 0 Errors, 0 Warning(s).
Rebuild target 'Target 1'
assembling Startup.s...
compiling main.c...
compiling keyboard.c...
compiling led.c...
compiling timer_interrupts.c...
linking...
Program Size: Code=2248 RO-data=48 RW-data=8 ZI-data=1272  
FromELF: creating hex file...
".\serwo.axf" - 0 Errors, 0 Warning(s).
Rebuild target 'Target 1'
assembling Startup.s...
compiling main.c...
compiling keyboard.c...
compiling led.c...
compiling timer_interrupts.c...
linking...
Program Size: Code=2240 RO-data=48 RW-data=8 ZI-data=1272  
FromELF: creating hex file...
".\serwo.axf" - 0 Errors, 0 Warning(s).
Rebuild target 'Target 1'
assembling Startup.s...
compiling main.c...
servo.h(2): warning:  #1295-D: Deprecated declaration ServoCallib - give arg types
compiling keyboard.c...
compiling led.c...
compiling timer_interrupts.c...
linking...
.\serwo.axf: Error: L6218E: Undefined symbol ServoCallib (referred from main.o).
.\serwo.axf: Error: L6218E: Undefined symbol ServoGoTo (referred from main.o).
.\serwo.axf: Error: L6218E: Undefined symbol ServoInit (referred from main.o).
".\serwo.axf" - 3 Errors, 1 Warning(s).
Target not created
Rebuild target 'Target 1'
assembling Startup.s...
compiling main.c...
compiling keyboard.c...
compiling led.c...
compiling timer_interrupts.c...
linking...
.\serwo.axf: Error: L6218E: Undefined symbol ServoCallib (referred from main.o).
.\serwo.axf: Error: L6218E: Undefined symbol ServoGoTo (referred from main.o).
.\serwo.axf: Error: L6218E: Undefined symbol ServoInit (referred from main.o).
".\serwo.axf" - 3 Errors, 0 Warning(s).
Target not created
Clean started: Project: 'serwo'
   deleting intermediate output files for target 'Target 1'
Rebuild target 'Target 1'
assembling Startup.s...
compiling main.c...
compiling keyboard.c...
compiling led.c...
compiling timer_interrupts.c...
linking...
.\serwo.axf: Error: L6218E: Undefined symbol ServoCallib (referred from main.o).
.\serwo.axf: Error: L6218E: Undefined symbol ServoGoTo (referred from main.o).
.\serwo.axf: Error: L6218E: Undefined symbol ServoInit (referred from main.o).
".\serwo.axf" - 3 Errors, 0 Warning(s).
Target not created
Rebuild target 'Target 1'
assembling Startup.s...
compiling main.c...
compiling keyboard.c...
compiling led.c...
compiling timer_interrupts.c...
linking...
.\serwo.axf: Error: L6218E: Undefined symbol ServoCallib (referred from main.o).
.\serwo.axf: Error: L6218E: Undefined symbol ServoGoTo (referred from main.o).
.\serwo.axf: Error: L6218E: Undefined symbol ServoInit (referred from main.o).
".\serwo.axf" - 3 Errors, 0 Warning(s).
Target not created
Build target 'Target 1'
compiling main.c...
compiling keyboard.c...
compiling led.c...
compiling timer_interrupts.c...
linking...
.\serwo.axf: Error: L6218E: Undefined symbol ServoCallib (referred from main.o).
.\serwo.axf: Error: L6218E: Undefined symbol ServoGoTo (referred from main.o).
.\serwo.axf: Error: L6218E: Undefined symbol ServoInit (referred from main.o).
".\serwo.axf" - 3 Errors, 0 Warning(s).
Target not created
Rebuild target 'Target 1'
assembling Startup.s...
compiling main.c...
compiling keyboard.c...
compiling led.c...
compiling timer_interrupts.c...
linking...
.\serwo.axf: Error: L6218E: Undefined symbol ServoCallib (referred from main.o).
.\serwo.axf: Error: L6218E: Undefined symbol ServoGoTo (referred from main.o).
.\serwo.axf: Error: L6218E: Undefined symbol ServoInit (referred from main.o).
".\serwo.axf" - 3 Errors, 0 Warning(s).
Target not created
Rebuild target 'Target 1'
assembling Startup.s...
compiling main.c...
compiling keyboard.c...
compiling led.c...
compiling timer_interrupts.c...
compiling servo.c...
linking...
Program Size: Code=2240 RO-data=48 RW-data=8 ZI-data=1272  
FromELF: creating hex file...
".\serwo.axf" - 0 Errors, 0 Warning(s).
Rebuild target 'Target 1'
assembling Startup.s...
compiling main.c...
compiling keyboard.c...
compiling led.c...
compiling timer_interrupts.c...
compiling servo.c...
linking...
Program Size: Code=2240 RO-data=48 RW-data=8 ZI-data=1272  
FromELF: creating hex file...
".\serwo.axf" - 0 Errors, 0 Warning(s).
Rebuild target 'Target 1'
assembling Startup.s...
compiling main.c...
compiling keyboard.c...
compiling led.c...
compiling timer_interrupts.c...
compiling servo.c...
linking...
Program Size: Code=2240 RO-data=48 RW-data=8 ZI-data=1272  
FromELF: creating hex file...
".\serwo.axf" - 0 Errors, 0 Warning(s).
Rebuild target 'Target 1'
assembling Startup.s...
compiling main.c...
compiling keyboard.c...
compiling led.c...
compiling timer_interrupts.c...
compiling servo.c...
linking...
Program Size: Code=2240 RO-data=48 RW-data=8 ZI-data=1272  
FromELF: creating hex file...
".\serwo.axf" - 0 Errors, 0 Warning(s).
Rebuild target 'Target 1'
assembling Startup.s...
compiling main.c...
compiling keyboard.c...
compiling led.c...
compiling timer_interrupts.c...
compiling servo.c...
linking...
Program Size: Code=2240 RO-data=48 RW-data=8 ZI-data=1272  
FromELF: creating hex file...
".\serwo.axf" - 0 Errors, 0 Warning(s).
Clean started: Project: 'serwo'
   deleting intermediate output files for target 'Target 1'
