<html>
<body>
<pre>
<h1>µVision Build Log</h1>
<h2>Project:</h2>
C:\Users\oleks\Desktop\ppsw\dekodowanie\dekodowanie.uvproj
Project File Date:  05/20/2025

<h2>Output:</h2>
Build target 'Target 1'
compiling dekodowanie.c...
assembling Startup.s...
compiling konwersje.c...
compiling lancuchy.c...
linking...
Program Size: Code=1864 RO-data=32 RW-data=60 ZI-data=1284  
FromELF: creating hex file...
".\dekodowanie.axf" - 0 Errors, 0 Warning(s).
Build target 'Target 1'
compiling dekodowanie.c...
linking...
Program Size: Code=1844 RO-data=32 RW-data=40 ZI-data=1280  
FromELF: creating hex file...
".\dekodowanie.axf" - 0 Errors, 0 Warning(s).
