<html>
<body>
<pre>
<h1>µVision Build Log</h1>
<h2>Project:</h2>
C:\Users\oleks\Desktop\ppsw\Current\dekodowanie\dekodowanie.uvproj
Project File Date:  05/25/2025

<h2>Output:</h2>
Rebuild target 'Target 1'
compiling dekodowanie.c...
dekodowanie.c(139): error:  #65: expected a ";"
dekodowanie.c(142): warning: At end of source:  #12-D: parsing restarts here after previous syntax error
assembling Startup.s...
compiling konwersje.c...
compiling lancuchy.c...
".\dekodowanie.axf" - 1 Errors, 1 Warning(s).
Target not created
Rebuild target 'Target 1'
compiling dekodowanie.c...
assembling Startup.s...
compiling konwersje.c...
compiling lancuchy.c...
linking...
Program Size: Code=1860 RO-data=32 RW-data=52 ZI-data=1284  
FromELF: creating hex file...
".\dekodowanie.axf" - 0 Errors, 0 Warning(s).
Rebuild target 'Target 1'
compiling dekodowanie.c...
assembling Startup.s...
compiling konwersje.c...
compiling lancuchy.c...
linking...
Program Size: Code=1840 RO-data=32 RW-data=40 ZI-data=1280  
FromELF: creating hex file...
".\dekodowanie.axf" - 0 Errors, 0 Warning(s).
Clean started: Project: 'dekodowanie'
   deleting intermediate output files for target 'Target 1'
