<html>
<body>
<pre>
<h1>µVision Build Log</h1>
<h2>Project:</h2>
C:\Users\oleks\Desktop\ppsw\Current\dekodowanie\dekodowanie.uvproj
Project File Date:  05/20/2025

<h2>Output:</h2>
Build target 'Target 1'
compiling dekodowanie.c...
assembling Startup.s...
compiling konwersje.c...
konwersje.c(37): warning:  #111-D: statement is unreachable
compiling lancuchy.c...
linking...
Program Size: Code=1836 RO-data=32 RW-data=40 ZI-data=1280  
FromELF: creating hex file...
".\dekodowanie.axf" - 0 Errors, 1 Warning(s).
Build target 'Target 1'
compiling dekodowanie.c...
linking...
Program Size: Code=1856 RO-data=32 RW-data=52 ZI-data=1284  
FromELF: creating hex file...
".\dekodowanie.axf" - 0 Errors, 0 Warning(s).
Rebuild target 'Target 1'
compiling dekodowanie.c...
assembling Startup.s...
compiling konwersje.c...
compiling lancuchy.c...
linking...
Program Size: Code=1860 RO-data=32 RW-data=52 ZI-data=1284  
FromELF: creating hex file...
".\dekodowanie.axf" - 0 Errors, 0 Warning(s).
Rebuild target 'Target 1'
compiling dekodowanie.c...
assembling Startup.s...
compiling konwersje.c...
compiling lancuchy.c...
linking...
Program Size: Code=1860 RO-data=32 RW-data=52 ZI-data=1284  
FromELF: creating hex file...
".\dekodowanie.axf" - 0 Errors, 0 Warning(s).
Rebuild target 'Target 1'
compiling dekodowanie.c...
assembling Startup.s...
compiling konwersje.c...
compiling lancuchy.c...
linking...
Program Size: Code=1860 RO-data=32 RW-data=56 ZI-data=1280  
FromELF: creating hex file...
".\dekodowanie.axf" - 0 Errors, 0 Warning(s).
Rebuild target 'Target 1'
compiling dekodowanie.c...
assembling Startup.s...
compiling konwersje.c...
compiling lancuchy.c...
linking...
Program Size: Code=1840 RO-data=32 RW-data=40 ZI-data=1280  
FromELF: creating hex file...
".\dekodowanie.axf" - 0 Errors, 0 Warning(s).
Clean started: Project: 'dekodowanie'
   deleting intermediate output files for target 'Target 1'
