<html>
<body>
<pre>
<h1>µVision Build Log</h1>
<h2>Project:</h2>
C:\Users\student\Desktop\ppsw\Current\Automaty\automaty.uvproj
Project File Date:  06/02/2025

<h2>Output:</h2>
Rebuild target 'Target 1'
assembling Startup.s...
compiling main.c...
compiling led.c...
compiling keyboard.c...
linking...
Program Size: Code=1436 RO-data=48 RW-data=4 ZI-data=1260  
FromELF: creating hex file...
".\automaty.axf" - 0 Errors, 0 Warning(s).
Clean started: Project: 'automaty'
   deleting intermediate output files for target 'Target 1'
Rebuild target 'Target 1'
assembling Startup.s...
compiling main.c...
compiling led.c...
compiling keyboard.c...
linking...
Program Size: Code=1436 RO-data=48 RW-data=4 ZI-data=1260  
FromELF: creating hex file...
".\automaty.axf" - 0 Errors, 0 Warning(s).
Rebuild target 'Target 1'
assembling Startup.s...
compiling main.c...
compiling led.c...
compiling keyboard.c...
linking...
Program Size: Code=1428 RO-data=48 RW-data=4 ZI-data=1260  
FromELF: creating hex file...
".\automaty.axf" - 0 Errors, 0 Warning(s).
Rebuild target 'Target 1'
assembling Startup.s...
compiling main.c...
compiling led.c...
compiling keyboard.c...
linking...
Program Size: Code=1436 RO-data=48 RW-data=4 ZI-data=1260  
FromELF: creating hex file...
".\automaty.axf" - 0 Errors, 0 Warning(s).
Rebuild target 'Target 1'
assembling Startup.s...
compiling main.c...
compiling led.c...
compiling keyboard.c...
linking...
Program Size: Code=1428 RO-data=48 RW-data=4 ZI-data=1260  
FromELF: creating hex file...
".\automaty.axf" - 0 Errors, 0 Warning(s).
Rebuild target 'Target 1'
assembling Startup.s...
compiling main.c...
compiling led.c...
compiling keyboard.c...
linking...
Program Size: Code=1428 RO-data=48 RW-data=4 ZI-data=1260  
FromELF: creating hex file...
".\automaty.axf" - 0 Errors, 0 Warning(s).
Rebuild target 'Target 1'
assembling Startup.s...
compiling main.c...
compiling led.c...
compiling keyboard.c...
linking...
Program Size: Code=1440 RO-data=48 RW-data=4 ZI-data=1260  
FromELF: creating hex file...
".\automaty.axf" - 0 Errors, 0 Warning(s).
Rebuild target 'Target 1'
assembling Startup.s...
compiling main.c...
compiling led.c...
compiling keyboard.c...
linking...
Program Size: Code=1448 RO-data=48 RW-data=4 ZI-data=1260  
FromELF: creating hex file...
".\automaty.axf" - 0 Errors, 0 Warning(s).
Rebuild target 'Target 1'
assembling Startup.s...
compiling main.c...
compiling led.c...
compiling keyboard.c...
linking...
Program Size: Code=1456 RO-data=48 RW-data=4 ZI-data=1260  
FromELF: creating hex file...
".\automaty.axf" - 0 Errors, 0 Warning(s).
Clean started: Project: 'automaty'
   deleting intermediate output files for target 'Target 1'
